2026-08-02 16:30:43,636 [INFO] 다운로드 시작: ^GSPC
2026-08-02 16:30:50,450 [INFO] 다운로드 성공: ^GSPC — 9212행
2026-08-02 16:30:50,453 [INFO] 다운로드 시작: ^SP500TR
2026-08-02 16:30:51,305 [INFO] 다운로드 성공: ^SP500TR — 9212행
2026-08-02 16:30:51,310 [INFO] 수집 완료: 티커 2개 성공 / 0개 실패, 총 18424행
2026-08-02 16:32:54,264 [INFO] 다운로드 시작: ^GSPC
2026-08-02 16:32:55,484 [INFO] 다운로드 성공: ^GSPC — 9212행
2026-08-02 16:32:55,484 [INFO] 다운로드 시작: ^SP500TR
2026-08-02 16:32:56,066 [INFO] 다운로드 성공: ^SP500TR — 9212행
2026-08-02 16:32:56,072 [INFO] 수집 완료: 티커 2개 성공 / 0개 실패, 총 18424행
2026-08-02 16:39:36,395 [INFO] 다운로드 시작: ^GSPC
2026-08-02 16:39:38,122 [INFO] 다운로드 성공: ^GSPC — 9212행
2026-08-02 16:39:38,124 [INFO] 다운로드 시작: ^SP500TR
2026-08-02 16:39:38,812 [INFO] 다운로드 성공: ^SP500TR — 9212행
2026-08-02 16:39:38,817 [INFO] 수집 완료: 티커 2개 성공 / 0개 실패, 총 18424행
2026-08-02 16:39:38,924 [INFO] 저장 완료: C:\Users\chris\projects\sp500-technical-strategy\data\raw\ohlcv_raw.parquet (18424행)
2026-08-02 16:39:38,980 [INFO] 감사 리포트 저장: C:\Users\chris\projects\sp500-technical-strategy\reports\data_coverage.md
2026-08-02 16:40:25,203 [INFO] 다운로드 시작: ^GSPC
2026-08-02 16:40:26,924 [INFO] 다운로드 성공: ^GSPC — 9212행
2026-08-02 16:40:26,924 [INFO] 다운로드 시작: ^SP500TR
2026-08-02 16:40:27,520 [INFO] 다운로드 성공: ^SP500TR — 9212행
2026-08-02 16:40:27,530 [INFO] 수집 완료: 티커 2개 성공 / 0개 실패, 총 18424행
2026-08-02 16:40:27,747 [INFO] 저장 완료: C:\Users\chris\projects\sp500-technical-strategy\data\raw\ohlcv_raw.parquet (18424행)
2026-08-02 16:40:27,850 [INFO] 감사 리포트 저장: C:\Users\chris\projects\sp500-technical-strategy\reports\data_coverage.md
2026-08-02 16:48:08,047 [INFO] 다운로드 시작: ^GSPC
2026-08-02 16:48:09,726 [INFO] 다운로드 성공: ^GSPC — 9212행
2026-08-02 16:48:09,726 [INFO] 다운로드 시작: ^SP500TR
2026-08-02 16:48:10,360 [INFO] 다운로드 성공: ^SP500TR — 9212행
2026-08-02 16:48:10,373 [INFO] 수집 완료: 티커 2개 성공 / 0개 실패, 총 18424행
2026-08-02 16:48:10,575 [INFO] 저장 완료: C:\Users\chris\projects\sp500-technical-strategy\data\raw\ohlcv_raw.parquet (18424행)
2026-08-02 16:48:10,638 [INFO] 감사 리포트 저장: C:\Users\chris\projects\sp500-technical-strategy\reports\day01_audit.txt
2026-08-02 16:48:10,651 [INFO] 분석 구간 절단: 2000-01-01 이전 4행 제외, 39행 남음
